;*******************************************************************************
EncodingName     "MOLLANA-URDU-2013"
DescriptiveName  "Mollana - Urdu roman transliteration mapping"
Version          "1.1"
Contact          "DrIYousaf@Gmail.com"
Copyright        "(c) RoXimn 2013"

LHSName  "Mollana-Roman"
RHSName  "Mollana-UrduUnicode"
;*******************************************************************************
Define a U+0061  ;a
Define b U+0062  ;b
Define c U+0063  ;c
Define d U+0064  ;d
Define e U+0065  ;e
Define f U+0066  ;f
Define g U+0067  ;g
Define h U+0068  ;h
Define i U+0069  ;i
Define j U+006A  ;j
Define k U+006B  ;k
Define l U+006C  ;l
Define m U+006D  ;m
Define n U+006E  ;n
Define o U+006F  ;o
Define p U+0070  ;p
Define q U+0071  ;q
Define r U+0072  ;r
Define s U+0073  ;s
Define t U+0074  ;t
Define u U+0075  ;u
Define v U+0076  ;v
Define w U+0077  ;w
Define x U+0078  ;x
Define y U+0079  ;y
Define z U+007A  ;z
;*******************************************************************************
Define A U+0041  ;A
Define B U+0042  ;B
;Define C U+0043  ;C - for CARET
Define D U+0044  ;D
Define E U+0045  ;E
;Define F U+0046  ;F - Unused
Define G U+0047  ;G
Define H U+0048  ;H
Define I U+0049  ;I
;Define J U+004A  ;J - Unused
Define K U+004B  ;K
;Define L U+004C  ;L - for Hyphen
;Define M U+004D  ;M - for HAMZA
Define N U+004E  ;N
Define O U+004F  ;O - for HAMZA
;Define P U+0050  ;P - for FULL STOP (PERIOD)
;Define Q U+0051  ;Q - Unused
Define R U+0052  ;R
Define S U+0053  ;S
Define T U+0054  ;T
Define U U+0055  ;U
;Define V U+0056  ;V - for comma
Define W U+0057  ;W
;Define X U+0058  ;X - for APOSTROPHE
Define Y U+0059  ;Y
Define Z U+005A  ;Z
;*******************************************************************************
Define C U+005E  ;^  << CARET
Define UL U+005F ;_  << UNDERLINE
Define P U+002E  ;.  << DOT
Define V U+002C  ;,  << COMMA (_V_irgule)
Define CO U+003A ;:  << COLON
Define SC U+003B ;; << SEMICOLON
Define M U+0060  ;`  << HAMZA
Define X U+0027  ;'  << APOSTROPHE
Define Q U+0022  ;"  << QUOTE
Define L U+002D  ;-  << HYPHEN (_L_ine)
Define BAR U+007C ;|

Define QSM U+003F  ;-  << QUESTION MARK
Define PCS U+0025  ;-  << PERCENTAGE SIGN
Define ASTK U+002A  ;-  << ASTERISK SIGN

Define SP U+0020  ;SPACE
Define CR U+000D  ;Carriage Return
Define LF U+000A  ;Line Feed
Define TAB U+0009  ;Tab

;*******************************************************************************
pass(Unicode)

; Izafat
L e / _ SP > i

; Ettaf
L o / _ SP > SP o

;*******************************************************************************
pass(Unicode)
Class [Digits] = (U+0030..U+0039)
Class [ArEasternDigits] = (U+06F0..U+06F9)

Class [BRACKETS]    = (U+003C U+003E U+00AB U+00BB U+0028 U+0029 U+005B U+005D U+2018 U+2019 U+201C U+201D); < > () « » [ ] ‘ ’ “ ”

Define BEG  (#|P P|V|QSM|SC|CO|[BRACKETS]|SP|CR LF|LF|TAB)
Define END  (P P|V|QSM|SC|CO|[BRACKETS]|SP|CR LF|LF|TAB|#)

;-------------------------------------------------------------------------------
U+0028 U+0028 > U+FD3F ;; '((' : ornate right par
U+0029 U+0029 > U+FD3E ;; '))' : ornate left par

;-------------------------------------------------------------------------------
; LIAGTURES
U+0041 U+004C U+004C U+0041 U+0048 > U+FDF2 ; 'ALLAH'
U+0041 U+004B U+0042 U+0041 U+0052 > U+FDF3 ;; 'AKBAR'

U+004D U+0055 U+0048 U+0041 U+004D U+004D U+0041 U+0044 > U+FDF4 ;; 'MUHAMMAD'
U+0053 U+0041 U+004C U+0041 U+004D > U+FDF5 ;; 'SALAM'
U+0052 U+0041 U+0053 U+004F ? U+0055 U+004C > U+FDF6 ;; 'RASUL'
U+0041 U+004C U+0041 U+0059 U+0048 (U+0049|U+0045) > U+FDF7 ;; 'ALAYHI'
U+0057 U+0041 U+0053 U+0041 U+004C U+004C U+0041 U+004D > U+FDF8 ;; 'WASALLAM'
U+0053 U+0041 U+004C U+004C U+0041 > U+FDF9 ;; 'SALLA'

U+0053 U+004C U+004D > U+FDFA ; 'SLM' : .sallY al-ll_ah `alayhi wa-sallam
U+004A U+0041 U+004C U+004C U+0041 > U+FDFB ;; 'JALLA' : "jalla jalAluhu"
U+0042 U+0049 U+0053 U+004D U+0049 U+004C U+004C U+0041 U+0048 > U+FDFD ;; 'BISMILLAH'

U+0050 U+0042 U+0055 U+0048 > U+0610 ;; 'PBUH' ARABIC SIGN SALLALLAHOU ALAYHE WASSALLAM
U+0041 U+004C U+0059        > U+0611 ;; 'ALY' ARABIC SIGN ALAYHE WASALAM
U+0052 U+0048 U+004D U+0054 > U+0612 ;; 'RHMT' ARABIC SIGN ALAYHE WASALAM
U+0052 U+0041 U+0044 U+0049 > U+0613 ;; 'RADI' ARABIC SIGN ALAYHE WASALAM
U+0054 U+004B U+0048        > U+0614 ;; 'TKH' ARABIC SIGN ALAYHE WASALAM

U+004E U+0055 U+004D U+0042 U+0045 U+0052 > U+0600 ;; NUMBER
U+0053 U+0041 U+004E U+0041 U+0048 > U+0601 ;; SANAH
U+0046 U+004F U+004F U+0054 U+004E U+004F U+0054 U+0045 > U+0602 ;; FOOTNOTE
U+0053 U+0041 U+0046 U+0048 U+0041 > U+0603 ;; SAFHA
U+0053 U+0048 U+0045 U+0052 > U+060E ;; SHER
U+004D U+0049 U+0053 U+0052 U+0041 > U+060F ;; MISRA

;-------------------------------------------------------------------------------
a a > U+0670    ; Superscript Alef
i i > U+0656    ; Suubscript Alef

a N /   _ END > U+064B          ; Fathatan
A N /   _ END > U+0627 U+064B   ; Alif + Fathatan

u N /   _ END > U+064C          ; Dammatan
U N /   _ END > U+0627 U+064C   ; Alif + Dammatan

i N /   _ END > U+064D          ; Kasratan
I N /   _ END > U+0627 U+064D   ; Alif + Kasratan

a / BEG _ > U+0627
A / BEG _ > U+0627 U+064E
i / BEG _ > U+0627
I / BEG _ > U+0627 U+0650
u / BEG _ > U+0627
U / BEG _ > U+0627 U+064F

a       > U+064E    ; Fathah / Zaber
i       > U+0650    ; Kasrah / Zear
u       > U+064F    ; Dammah / Peash
C       > U+0652    ; Jazm
;-------------------------------------------------------------------------------
X A     > U+0622        ; Alef with Maddah
A       > U+0627        ; Alef

b b     > U+0628 U+0651 ; Bey + Shaddah
b       > U+0628        ; Bey

p p     > U+067E U+0651 ; Pey + Shaddah
p       > U+067E        ; Pey

t t     > U+062A U+0651 ; Tay + Shaddah
t       > U+062A        ; Tay

T T     > U+0679 U+0651 ; TTay + Shaddah
T       > U+0679        ; TTay

X s X s > U+062B U+0651 ; Say + Shaddah
X s     > U+062B        ; Say

j j     > U+062C U+0651 ; Jeem + Shaddah
j       > U+062C        ; Jeem

c c     > U+0686 U+0651 ; Chay + Shaddah
c       > U+0686        ; Chay

X h X h > U+062D U+0651 ; Heah + Shaddah
X h     > U+062D        ; Heah

K K     > U+062E U+0651 ; Kheah + Shaddah
K       > U+062E        ; Kheah

d d     > U+062F U+0651 ; Dal + Shaddah
d       > U+062F        ; Dal

D D     > U+0688 U+0651 ; DDal + Shaddah
D       > U+0688        ; DDal

Z Z     > U+0630 U+0651 ; Zaal + Shaddah
Z       > U+0630        ; Zaal

r r     > U+0631 U+0651 ; Ray + Shaddah
r       > U+0631        ; Ray

R R     > U+0691 U+0651 ; RRay + Shaddah
R       > U+0691        ; RRay

z z     > U+0632 U+0651 ; Zay + Shaddah
z       > U+0632        ; Zay

X z X z > U+0698 U+0651 ; Say + Shaddah
X z     > U+0698        ; Say

s s     > U+0633 U+0651 ; Seen + Shaddah
s       > U+0633        ; Seen

S S     > U+0634 U+0651 ; Sheen + Shaddah
S       > U+0634        ; Sheen

P s P s > U+0635 U+0651 ; Swad + Shaddah
P s     > U+0635        ; Swad

P z P z > U+0636 U+0651 ; Zwad + Shaddah
P z     > U+0636        ; Zwad

V t V t > U+0637 U+0651 ; Toay + Shaddah
V t     > U+0637        ; Toay

V z V z > U+0638 U+0651 ; Zoay + Shaddah
V z     > U+0638        ; Zoay

e e     > U+0639 U+0651 ; Ein + Shaddah
e       > U+0639        ; Ein

G G     > U+063A U+0651 ; Ghain + Shaddah
G       > U+063A        ; Ghain

f f     > U+0641 U+0651 ; Fay + Shaddah
f       > U+0641        ; Fay

q q     > U+0642 U+0651 ; Qaf + Shaddah
q       > U+0642        ; Qaf

k k     > U+06A9 U+0651 ; Kaf with Markaz + Shaddah
k       > U+06A9        ; Kaf with Markaz

X k X k > U+0643 U+0651 ; Arabic Kaf + Shaddah
X k     > U+0643        ; Arabic Kaf

g g     > U+06AF U+0651 ; Gaf + Shaddah
g       > U+06AF        ; Gaf

l l     > U+0644 U+0651     ; Lam + Shaddah
l       > U+0644            ; Lam

m m     > U+0645 U+0651 ; Meen + Shaddah
m       > U+0645        ; Meen

n n     > U+0646 U+0651 ; Noon + Shaddah
n       > U+0646        ; Noon

N       > U+06BA    ; Noon Ghunna

v v     > U+0648 U+0651     ; Waw + Shaddah
v       > U+0648            ; Waw
o       > U+0648            ; -do-
U       > U+0648            ; -do-

h       > U+06C1    ; Heh Goal
H       > U+06BE    ; Heh Do Cheshmee


M / BAR _  > U+0621    ; Isolated Hamza
M          > U+0654    ; Hamza as Mark

y       > U+06CC    ; Yey Chotee without Dots
Y       > U+0626    ; Yey Chotee with Hamza Above
E       > U+06D2    ; Yey Baree
P t     > U+0629    ; Teh Marbuta

;-------------------------------------------------------------------------------
; Numerics / Symbols
P P     > U+06D4    ; Arabic Full Stop
V       > U+060C    ; Arabic Comma
QSM     > U+061F    ; Arabic Question Mark
SC      > U+061B    ; Arabic Semicolon
PCS     > U+066A    ; Arabic Percentage Sign
ASTK    > U+066D    ; Arabic Star
L L     > U+0640    ; Arabic Tatweel

P / [Digits] _ [Digits] > U+066B ; Arabic Decimal Sperator
[Digits] > [ArEasternDigits]    ; Digits

;-------------------------------------------------------------------------------
; Waste Bin
BAR       >   ;| Remove bar as it is only a seperator
U+0051    >   ; Q - Unused character
U+0077    >   ; w - Unused character
U+0057    >   ; W - Unused character
U+0049    >   ; I - Unused character
U+004F    >   ; O - Unused character
U+0050    >   ; P - Unused character

U+0046    >   ; F - Unused character
U+004A    >   ; J - Unused character
U+004C    >   ; L - Unused character

U+0078    >   ; x - Unused character
U+0058    >   ; X - Unused character
U+0043    >   ; C - Unused character
U+0056    >   ; V - Unused character
U+0042    >   ; B - Unused character
U+004D    >   ; M - Unused character

;*******************************************************************************
pass(Unicode)
b BAR b     < U+0628 U+0628 ; Bey
p BAR p     < U+067E U+067E ; Pey
t BAR t     < U+062A U+062A ; Tay
T BAR T     < U+0679 U+0679 ; TTay
X s BAR X s < U+062B U+062B ; Say
j BAR j     < U+062C U+062C ; Jeem
c BAR c     < U+0686 U+0686 ; Chay
X h BAR X h < U+062D U+062D ; Heah
K BAR K     < U+062E U+062E ; Kheah
d BAR d     < U+062F U+062F ; Dal
D BAR D     < U+0688 U+0688 ; DDal
Z BAR Z     < U+0630 U+0630 ; Zaal
r BAR r     < U+0631 U+0631 ; Ray
R BAR R     < U+0691 U+0691 ; RRay
z BAR z     < U+0632 U+0632 ; Zay
X z BAR X z < U+0698 U+0698 ; Say
s BAR s     < U+0633 U+0633 ; Seen
S BAR S     < U+0634 U+0634 ; Sheen
P s BAR P s < U+0635 U+0635 ; Swad
P z BAR P z < U+0636 U+0636 ; Zwad
V t BAR V t < U+0637 U+0637 ; Toay
V z BAR V z < U+0638 U+0638 ; Zoay
e BAR e     < U+0639 U+0639 ; Ein
G BAR G     < U+063A U+063A ; Ghain
f BAR f     < U+0641 U+0641 ; Fay
q BAR q     < U+0642 U+0642 ; Qaf
k BAR k     < U+06A9 U+06A9 ; Kaf with Markaz
X k BAR X k < U+0643 U+0643 ; Arabic Kaf
g BAR g     < U+06AF U+06AF ; Gaf
l BAR l     < U+0644 U+0644 ; Lam
m BAR m     < U+0645 U+0645 ; Meen
n BAR n     < U+0646 U+0646 ; Noon
v BAR v     < U+0648 U+0648 ; Waw
